// Jest Snapshot v1, https://goo.gl/fbAQLP

exports[`should render NewMovie without error 1`] = `
<div
  data-testid="component-new-movie"
>
  <h2
    data-testid="page-title"
  >
    New Movie
  </h2>
  <div>
    <form
      data-testid="movie-form"
    >
      <label
        for="test"
      >
        <input
          id="text"
          type="text"
        />
      </label>
      <button>
        Submit
      </button>
    </form>
  </div>
</div>
`;
